// Jest Snapshot v1, https://goo.gl/fbAQLP

exports[`Login component component renders correctly 1`] = `
<div
  className="container"
  id="containerLogin"
>
  <div
    className="justify-content-center align-self-center row"
  >
    <form
      className=""
      id="loginForm"
      onSubmit={[Function]}
      preventDefault={true}
    >
      <div
        className="test d-flex justify-content-center"
      >
        <h3>
          Log in
        </h3>
      </div>
      <div
        className="form-group"
      >
        <label
          className="form-label"
          htmlFor="formEmail"
        >
          Email Address
        </label>
        <input
          className="form-control"
          id="formEmail"
          onChange={[Function]}
          placeholder="Enter email"
          required={true}
          type="email"
        />
      </div>
      <div
        className="form-group"
      >
        <label
          className="form-label"
          htmlFor="formPassword"
        >
          Password
        </label>
        <input
          className="form-control"
          id="formPassword"
          onChange={[Function]}
          placeholder="Password"
          required={true}
          type="password"
        />
      </div>
      <button
        className="btn-block btn btn-info"
        disabled={false}
        type="submit"
      >
        Submit
      </button>
    </form>
  </div>
</div>
`;
